// Jest Snapshot v1, https://goo.gl/fbAQLP

exports[`<Header /> Renders the Header component 1`] = `
.emotion-0 {
  -webkit-align-items: center;
  -webkit-box-align: center;
  -ms-flex-align: center;
  align-items: center;
  background-color: #ffffff;
  display: -webkit-box;
  display: -webkit-flex;
  display: -ms-flexbox;
  display: flex;
  height: auto;
  margin: auto 0;
  padding: 25px;
}

@media (max-width: 750px) {
  .emotion-0 {
    -webkit-flex-direction: column;
    -ms-flex-direction: column;
    flex-direction: column;
  }
}

.emotion-2 {
  display: -webkit-box;
  display: -webkit-flex;
  display: -ms-flexbox;
  display: flex;
  width: 60%;
}

@media (max-width: 750px) {
  .emotion-2 {
    -webkit-align-items: center;
    -webkit-box-align: center;
    -ms-flex-align: center;
    align-items: center;
    -webkit-flex-direction: column;
    -ms-flex-direction: column;
    flex-direction: column;
    width: 100%;
  }
}

.emotion-4 {
  height: 150px;
  width: 150px;
}

.emotion-6 {
  margin-left: 30px;
}

@media (max-width: 750px) {
  .emotion-6 {
    margin-left: 0;
  }
}

.emotion-8 {
  color: #4b535f;
  font-family: Montserrat,sans-serif;
  font-size: 38px;
  font-weight: bold;
  margin: 0;
}

.emotion-10 {
  color: #b0b7bf;
  font-family: Arial,sans-serif;
  font-size: 24px;
  font-weight: normal;
  margin: 0;
}

.emotion-12 {
  display: -webkit-box;
  display: -webkit-flex;
  display: -ms-flexbox;
  display: flex;
  -webkit-box-pack: space-around;
  -ms-flex-pack: space-around;
  -webkit-justify-content: space-around;
  justify-content: space-around;
  margin: 10px 0 40px;
  width: 100%;
}

.emotion-14 {
  -webkit-align-items: center;
  -webkit-box-align: center;
  -ms-flex-align: center;
  align-items: center;
  background-color: #b0b7bf;
  border-radius: 50%;
  color: #ffffff;
  display: -webkit-box;
  display: -webkit-flex;
  display: -ms-flexbox;
  display: flex;
  height: 30px;
  -webkit-box-pack: center;
  -ms-flex-pack: center;
  -webkit-justify-content: center;
  justify-content: center;
  text-align: center;
  width: 30px;
}

.emotion-24 {
  display: -webkit-box;
  display: -webkit-flex;
  display: -ms-flexbox;
  display: flex;
  -webkit-box-pack: end;
  -ms-flex-pack: end;
  -webkit-justify-content: flex-end;
  justify-content: flex-end;
  width: 40%;
}

@media (max-width: 750px) {
  .emotion-24 {
    -webkit-box-pack: center;
    -ms-flex-pack: center;
    -webkit-justify-content: center;
    justify-content: center;
    width: 100%;
  }
}

.emotion-26 {
  background-color: #58b953;
  border: 1px solid #58b953;
  color: #ffffff;
  border-radius: 3px;
  cursor: pointer;
  font-weight: bold;
  height: 35px;
  outline: none;
  padding: 0 22px;
  text-transform: uppercase;
  -webkit-user-select: none;
  -moz-user-select: none;
  -ms-user-select: none;
  user-select: none;
  vertical-align: middle;
}

<div>
  <header
    class="emotion-0 emotion-1"
  >
    <div
      class="emotion-2 emotion-3"
    >
      <img
        alt="A image of a man in a round style"
        class="emotion-4 emotion-5"
        src="mocked-file"
      />
      <div
        class="emotion-6 emotion-7"
      >
        <h1
          class="emotion-8 emotion-9"
        >
          James Lee
        </h1>
        <h2
          class="emotion-10 emotion-11"
        >
          Web App Developer
        </h2>
        <div
          class="emotion-12 emotion-13"
        >
          <div
            class="emotion-14 emotion-15"
          >
            <i
              class="fab fa-twitter"
            />
          </div>
          <div
            class="emotion-14 emotion-15"
          >
            <i
              class="fab fa-google-plus-g"
            />
          </div>
          <div
            class="emotion-14 emotion-15"
          >
            <i
              class="fab fa-linkedin-in"
            />
          </div>
          <div
            class="emotion-14 emotion-15"
          >
            <i
              class="fab fa-github-alt"
            />
          </div>
          <div
            class="emotion-14 emotion-15"
          >
            <i
              class="fab fa-yammer"
            />
          </div>
        </div>
      </div>
    </div>
    <div
      class="emotion-24 emotion-25"
    >
      <button
        class="emotion-26 emotion-27"
        type="button"
      >
        <i
          class="fas fa-paper-plane"
        />
         Contact Me
      </button>
    </div>
  </header>
</div>
`;
